stm32f4xx_hal_uart.c:2156:13:UART_EndRxTransfer	0	static
stm32f4xx_hal_uart.c:2433:13:UART_SetConfig	32	static
stm32f4xx_hal_uart.c:2109:26:UART_WaitOnFlagUntilTimeout.constprop	24	static
stm32f4xx_hal_uart.c:527:14:HAL_UART_MspInit	0	static
stm32f4xx_hal_uart.c:244:19:HAL_UART_Init	8	static
stm32f4xx_hal_uart.c:306:19:HAL_HalfDuplex_Init	8	static
stm32f4xx_hal_uart.c:366:19:HAL_LIN_Init	16	static
stm32f4xx_hal_uart.c:432:19:HAL_MultiProcessor_Init	16	static
stm32f4xx_hal_uart.c:542:14:HAL_UART_MspDeInit	0	static
stm32f4xx_hal_uart.c:495:19:HAL_UART_DeInit	8	static
stm32f4xx_hal_uart.c:616:19:HAL_UART_Transmit	24	static
stm32f4xx_hal_uart.c:699:19:HAL_UART_Receive	24	static
stm32f4xx_hal_uart.c:787:19:HAL_UART_Transmit_IT	0	static
stm32f4xx_hal_uart.c:829:19:HAL_UART_Receive_IT	0	static
stm32f4xx_hal_uart.c:874:19:HAL_UART_Transmit_DMA	16	static
stm32f4xx_hal_uart.c:939:19:HAL_UART_Receive_DMA	24	static
stm32f4xx_hal_uart.c:1006:19:HAL_UART_DMAPause	0	static
stm32f4xx_hal_uart.c:1041:19:HAL_UART_DMAResume	8	static
stm32f4xx_hal_uart.c:1076:19:HAL_UART_DMAStop	8	static
stm32f4xx_hal_uart.c:1128:19:HAL_UART_Abort	8	static
stm32f4xx_hal_uart.c:1192:19:HAL_UART_AbortTransmit	8	static
stm32f4xx_hal_uart.c:1234:19:HAL_UART_AbortReceive	8	static
stm32f4xx_hal_uart.c:1651:14:HAL_UART_TxCpltCallback	0	static
stm32f4xx_hal_uart.c:1993:13:UART_DMATransmitCplt	8	static
stm32f4xx_hal_uart.c:1666:14:HAL_UART_TxHalfCpltCallback	0	static
stm32f4xx_hal_uart.c:2022:13:UART_DMATxHalfCplt	8	static
stm32f4xx_hal_uart.c:1681:13:HAL_UART_RxCpltCallback	0	static
stm32f4xx_hal_uart.c:2034:13:UART_DMAReceiveCplt	8	static
stm32f4xx_hal_uart.c:2371:26:UART_Receive_IT	8	static
stm32f4xx_hal_uart.c:1696:13:HAL_UART_RxHalfCpltCallback	0	static
stm32f4xx_hal_uart.c:2062:13:UART_DMARxHalfCplt	8	static
stm32f4xx_hal_uart.c:1711:14:HAL_UART_ErrorCallback	0	static
stm32f4xx_hal_uart.c:2074:13:UART_DMAError	8	static
stm32f4xx_hal_uart.c:1524:6:HAL_UART_IRQHandler	16	static
stm32f4xx_hal_uart.c:2172:13:UART_DMAAbortOnError	8	static
stm32f4xx_hal_uart.c:1725:13:HAL_UART_AbortCpltCallback	0	static
stm32f4xx_hal_uart.c:1279:19:HAL_UART_Abort_IT	8	static
stm32f4xx_hal_uart.c:2227:13:UART_DMARxAbortCallback	8	static
stm32f4xx_hal_uart.c:2189:13:UART_DMATxAbortCallback	8	static
stm32f4xx_hal_uart.c:1739:13:HAL_UART_AbortTransmitCpltCallback	0	static
stm32f4xx_hal_uart.c:1401:19:HAL_UART_AbortTransmit_IT	8	static
stm32f4xx_hal_uart.c:2265:13:UART_DMATxOnlyAbortCallback	8	static
stm32f4xx_hal_uart.c:1754:13:HAL_UART_AbortReceiveCpltCallback	0	static
stm32f4xx_hal_uart.c:1466:19:HAL_UART_AbortReceive_IT	8	static
stm32f4xx_hal_uart.c:2286:13:UART_DMARxOnlyAbortCallback	8	static
stm32f4xx_hal_uart.c:1791:19:HAL_LIN_SendBreak	0	static
stm32f4xx_hal_uart.c:1818:19:HAL_MultiProcessor_EnterMuteMode	0	static
stm32f4xx_hal_uart.c:1845:19:HAL_MultiProcessor_ExitMuteMode	0	static
stm32f4xx_hal_uart.c:1872:19:HAL_HalfDuplex_EnableTransmitter	0	static
stm32f4xx_hal_uart.c:1907:19:HAL_HalfDuplex_EnableReceiver	0	static
stm32f4xx_hal_uart.c:1964:23:HAL_UART_GetState	0	static
stm32f4xx_hal_uart.c:1979:10:HAL_UART_GetError	0	static
